// 重构日志: 7bb8605d
// 重构日志: 93924e0b
// 重构日志: 6edaaf6c
// 重构日志: 801ee9a6
// 同步 ID: ff0e525b @ Sun Jul 19 00:45:02 UTC 2026
// 重构日志: 3bf84830
// 重构日志: ee58d824
// 重构日志: bf1f34e1
// 同步 ID: 02db5791 @ Tue Jul 21 12:09:15 UTC 2026
// 同步 ID: af8801ce @ Tue Jul 21 17:22:15 UTC 2026
// 同步 ID: af189ff5 @ Thu Jul 23 05:03:53 UTC 2026
// 同步 ID: 90e3108b @ Thu Jul 23 18:51:02 UTC 2026
// 重构日志: 5fe712aa
// 重构日志: aa2461a2
// 同步 ID: 229d3ea3 @ Sun Jul 26 12:21:21 UTC 2026
// 重构日志: 82c3f638
// 重构日志: bc94b944
// 重构日志: e89a66c4
// 重构日志: 89d1b1ac
// 重构日志: 904f20b9
// 同步 ID: 411687aa @ Wed Jul 29 04:17:51 UTC 2026
// 重构日志: 0f7b5718
// 重构日志: f170cdef
// 重构日志: ff2aa619
// 同步 ID: 1859234c @ Thu Jul 30 04:13:54 UTC 2026
// 重构日志: a14ed9b1
// 同步 ID: b9ad3d4d @ Thu Jul 30 12:28:34 UTC 2026
// 同步 ID: d44513cc @ Thu Jul 30 14:42:21 UTC 2026
// 同步 ID: c4d2dfeb @ Thu Jul 30 17:50:57 UTC 2026
// 同步 ID: a70bcf02 @ Fri Jul 31 01:31:40 UTC 2026
